19:29:11 **** Incremental Build of configuration Debug for project Blink_Leds ****
make -j16 all 
arm-none-eabi-gcc "../Src/main.c" -mcpu=cortex-m4 -std=gnu11 -g3 -DDEBUG -DSTM32 -DSTM32F401RETx -DSTM32F4 -c -I../Inc -O0 -ffunction-sections -fdata-sections -Wall -fstack-usage -fcyclomatic-complexity -MMD -MP -MF"Src/main.d" -MT"Src/main.o" --specs=nano.specs -mfpu=fpv4-sp-d16 -mfloat-abi=hard -mthumb -o "Src/main.o"
arm-none-eabi-gcc -o "Blink_Leds.elf" @"objects.list"   -mcpu=cortex-m4 -T"C:\Users\leone\Desktop\Cursos\STM32 Bare Metal\Blink_Leds\STM32F401RETX_FLASH.ld" --specs=nosys.specs -Wl,-Map="Blink_Leds.map" -Wl,--gc-sections -static --specs=nano.specs -mfpu=fpv4-sp-d16 -mfloat-abi=hard -mthumb -Wl,--start-group -lc -lm -Wl,--end-group
Finished building target: Blink_Leds.elf
 
arm-none-eabi-size   Blink_Leds.elf 
arm-none-eabi-objdump -h -S  Blink_Leds.elf  > "Blink_Leds.list"
   text	   data	    bss	    dec	    hex	filename
    728	      8	   1568	   2304	    900	Blink_Leds.elf
Finished building: default.size.stdout
 
Finished building: Blink_Leds.list
 
19:29:13 **** Incremental Build of configuration Debug for project Blink_Leds ****
make -j16 all 
arm-none-eabi-size   Blink_Leds.elf 
   text	   data	    bss	    dec	    hex	filename
    728	      8	   1568	   2304	    900	Blink_Leds.elf
Finished building: default.size.stdout
 
